// Jest Snapshot v1, https://goo.gl/fbAQLP

exports[`getHelper it works 1`] = `null`;
